Component: ARM Compiler 5.06 update 1 (build 61) Tool: armlink [4d35a8]

==============================================================================

Section Cross References

    blink.o(i.SysTick_Handler) refers to blink.o(.data) for delayTimeTick
    blink.o(i._Z11my_delay_msj) refers to blink.o(.data) for delayTimeTick
    blink.o(i.main) refers to system_tm4c123.o(i.SystemInit) for SystemInit
    blink.o(i.main) refers to blink.o(i._Z11my_delay_msj) for my_delay_ms(unsigned)
    blink.o(i.main) refers to system_tm4c123.o(.data) for SystemCoreClock
    blink.o(.ARM.exidx) refers to blink.o(i._Z11my_delay_msj) for i._Z11my_delay_msj
    blink.o(.ARM.exidx) refers to blink.o(i.main) for i.main
    blink.o(.ARM.exidx) refers to blink.o(i._Z4waitv) for i._Z4waitv
    blink.o(.ARM.exidx) refers to blink.o(i.SysTick_Handler) for i.SysTick_Handler
    startup_tm4c123.o(RESET) refers to startup_tm4c123.o(STACK) for __initial_sp
    startup_tm4c123.o(RESET) refers to startup_tm4c123.o(.text) for Reset_Handler
    startup_tm4c123.o(RESET) refers to blink.o(i.SysTick_Handler) for SysTick_Handler
    startup_tm4c123.o(.text) refers to system_tm4c123.o(i.SystemInit) for SystemInit
    startup_tm4c123.o(.text) refers to entry.o(.ARM.Collect$$$$00000000) for __main
    system_tm4c123.o(i.SystemCoreClockUpdate) refers to system_tm4c123.o(i._Z9getOscClkjj) for getOscClk(unsigned, unsigned)
    system_tm4c123.o(i.SystemCoreClockUpdate) refers to system_tm4c123.o(.data) for SystemCoreClock
    system_tm4c123.o(.ARM.exidx) refers to system_tm4c123.o(i._Z9getOscClkjj) for i._Z9getOscClkjj
    system_tm4c123.o(.ARM.exidx) refers to system_tm4c123.o(i.SystemCoreClockUpdate) for i.SystemCoreClockUpdate
    system_tm4c123.o(.ARM.exidx) refers to system_tm4c123.o(i.SystemInit) for i.SystemInit
    entry.o(.ARM.Collect$$$$00000000) refers (Special) to entry10a.o(.ARM.Collect$$$$0000000D) for __rt_final_cpp
    entry.o(.ARM.Collect$$$$00000000) refers (Special) to entry11a.o(.ARM.Collect$$$$0000000F) for __rt_final_exit
    entry.o(.ARM.Collect$$$$00000000) refers (Special) to entry7b.o(.ARM.Collect$$$$00000008) for _main_clock
    entry.o(.ARM.Collect$$$$00000000) refers (Special) to entry8b.o(.ARM.Collect$$$$0000000A) for _main_cpp_init
    entry.o(.ARM.Collect$$$$00000000) refers (Special) to entry9a.o(.ARM.Collect$$$$0000000B) for _main_init
    entry.o(.ARM.Collect$$$$00000000) refers (Special) to entry5.o(.ARM.Collect$$$$00000004) for _main_scatterload
    entry.o(.ARM.Collect$$$$00000000) refers (Special) to entry2.o(.ARM.Collect$$$$00000001) for _main_stk
    entry2.o(.ARM.Collect$$$$00000001) refers to entry2.o(.ARM.Collect$$$$00002712) for __lit__00000000
    entry2.o(.ARM.Collect$$$$00002712) refers to startup_tm4c123.o(STACK) for __initial_sp
    entry2.o(__vectab_stack_and_reset_area) refers to startup_tm4c123.o(STACK) for __initial_sp
    entry2.o(__vectab_stack_and_reset_area) refers to entry.o(.ARM.Collect$$$$00000000) for __main
    entry5.o(.ARM.Collect$$$$00000004) refers to init.o(.text) for __scatterload
    entry9a.o(.ARM.Collect$$$$0000000B) refers to blink.o(i.main) for main
    entry9b.o(.ARM.Collect$$$$0000000C) refers to blink.o(i.main) for main
    init.o(.text) refers to entry5.o(.ARM.Collect$$$$00000004) for __main_after_scatterload


==============================================================================

Removing Unused input sections from the image.

    Removing blink.o(.rev16_text), (4 bytes).
    Removing blink.o(.revsh_text), (4 bytes).
    Removing blink.o(.rrx_text), (6 bytes).
    Removing blink.o(i._Z4waitv), (20 bytes).
    Removing blink.o(.ARM.exidx), (8 bytes).
    Removing blink.o(.ARM.exidx), (8 bytes).
    Removing blink.o(.ARM.exidx), (8 bytes).
    Removing blink.o(.ARM.exidx), (8 bytes).
    Removing startup_tm4c123.o(HEAP), (0 bytes).
    Removing system_tm4c123.o(.rev16_text), (4 bytes).
    Removing system_tm4c123.o(.revsh_text), (4 bytes).
    Removing system_tm4c123.o(.rrx_text), (6 bytes).
    Removing system_tm4c123.o(i.SystemCoreClockUpdate), (196 bytes).
    Removing system_tm4c123.o(i._Z9getOscClkjj), (248 bytes).
    Removing system_tm4c123.o(.ARM.exidx), (8 bytes).
    Removing system_tm4c123.o(.ARM.exidx), (8 bytes).
    Removing system_tm4c123.o(.ARM.exidx), (8 bytes).

17 unused section(s) (total 548 bytes) removed from the image.

==============================================================================

Image Symbol Table

    Local Symbols

    Symbol Name                              Value     Ov Type        Size  Object(Section)

    ../clib/microlib/init/entry.s            0x00000000   Number         0  entry10a.o ABSOLUTE
    ../clib/microlib/init/entry.s            0x00000000   Number         0  entry9b.o ABSOLUTE
    ../clib/microlib/init/entry.s            0x00000000   Number         0  entry8a.o ABSOLUTE
    ../clib/microlib/init/entry.s            0x00000000   Number         0  entry9a.o ABSOLUTE
    ../clib/microlib/init/entry.s            0x00000000   Number         0  entry8b.o ABSOLUTE
    ../clib/microlib/init/entry.s            0x00000000   Number         0  entry7b.o ABSOLUTE
    ../clib/microlib/init/entry.s            0x00000000   Number         0  entry.o ABSOLUTE
    ../clib/microlib/init/entry.s            0x00000000   Number         0  entry5.o ABSOLUTE
    ../clib/microlib/init/entry.s            0x00000000   Number         0  entry2.o ABSOLUTE
    ../clib/microlib/init/entry.s            0x00000000   Number         0  entry7a.o ABSOLUTE
    ../clib/microlib/init/entry.s            0x00000000   Number         0  entry10b.o ABSOLUTE
    ../clib/microlib/init/entry.s            0x00000000   Number         0  entry11a.o ABSOLUTE
    ../clib/microlib/init/entry.s            0x00000000   Number         0  entry11b.o ABSOLUTE
    RTE\Device\TM4C123GH6PM\startup_TM4C123.s 0x00000000   Number         0  startup_tm4c123.o ABSOLUTE
    RTE\Device\TM4C123GH6PM\system_TM4C123.c 0x00000000   Number         0  system_tm4c123.o ABSOLUTE
    RTE\\Device\\TM4C123GH6PM\\system_TM4C123.c 0x00000000   Number         0  system_tm4c123.o ABSOLUTE
    blink.cpp                                0x00000000   Number         0  blink.o ABSOLUTE
    blink.cpp                                0x00000000   Number         0  blink.o ABSOLUTE
    dc.s                                     0x00000000   Number         0  dc.o ABSOLUTE
    handlers.s                               0x00000000   Number         0  handlers.o ABSOLUTE
    init.s                                   0x00000000   Number         0  init.o ABSOLUTE
    RESET                                    0x00008000   Section      620  startup_tm4c123.o(RESET)
    .ARM.Collect$$$$00000000                 0x0000826c   Section        0  entry.o(.ARM.Collect$$$$00000000)
    .ARM.Collect$$$$00000001                 0x0000826c   Section        4  entry2.o(.ARM.Collect$$$$00000001)
    .ARM.Collect$$$$00000004                 0x00008270   Section        4  entry5.o(.ARM.Collect$$$$00000004)
    .ARM.Collect$$$$00000008                 0x00008274   Section        0  entry7b.o(.ARM.Collect$$$$00000008)
    .ARM.Collect$$$$0000000A                 0x00008274   Section        0  entry8b.o(.ARM.Collect$$$$0000000A)
    .ARM.Collect$$$$0000000B                 0x00008274   Section        8  entry9a.o(.ARM.Collect$$$$0000000B)
    .ARM.Collect$$$$0000000D                 0x0000827c   Section        0  entry10a.o(.ARM.Collect$$$$0000000D)
    .ARM.Collect$$$$0000000F                 0x0000827c   Section        0  entry11a.o(.ARM.Collect$$$$0000000F)
    .ARM.Collect$$$$00002712                 0x0000827c   Section        4  entry2.o(.ARM.Collect$$$$00002712)
    __lit__00000000                          0x0000827c   Data           4  entry2.o(.ARM.Collect$$$$00002712)
    .text                                    0x00008280   Section      252  startup_tm4c123.o(.text)
    $v0                                      0x00008280   Number         0  startup_tm4c123.o(.text)
    .text                                    0x0000837c   Section       36  init.o(.text)
    i.SysTick_Handler                        0x000083a0   Section        0  blink.o(i.SysTick_Handler)
    i.SystemInit                             0x000083b8   Section        0  system_tm4c123.o(i.SystemInit)
    i._Z11my_delay_msj                       0x00008450   Section        0  blink.o(i._Z11my_delay_msj)
    i.__scatterload_copy                     0x00008468   Section       14  handlers.o(i.__scatterload_copy)
    i.__scatterload_null                     0x00008476   Section        2  handlers.o(i.__scatterload_null)
    i.__scatterload_zeroinit                 0x00008478   Section       14  handlers.o(i.__scatterload_zeroinit)
    i.main                                   0x00008488   Section        0  blink.o(i.main)
    .data                                    0x0000854c   Section        4  blink.o(.data)
    delayTimeTick                            0x0000854c   Data           4  blink.o(.data)
    .data                                    0x00008550   Section        4  system_tm4c123.o(.data)
    STACK                                    0x00008558   Section      512  startup_tm4c123.o(STACK)

    Global Symbols

    Symbol Name                              Value     Ov Type        Size  Object(Section)

    BuildAttributes$$THM_ISAv4$E$P$D$K$B$S$7EM$VFPi3$EXTD16$VFPS$VFMA$PE$A:L22UL41UL21$X:L11$S22US41US21$IEEE1$IW$USESV6$~STKCKD$USESV7$~SHL$OSPACE$EBA8$MICROLIB$REQ8$PRES8$EABIv2 0x00000000   Number         0  anon$$obj.o ABSOLUTE
    __ARM_use_no_argv                        0x00000000   Number         0  blink.o ABSOLUTE
    __cpp_initialize__aeabi_                  - Undefined Weak Reference
    __cxa_finalize                            - Undefined Weak Reference
    __decompress                              - Undefined Weak Reference
    _clock_init                               - Undefined Weak Reference
    _microlib_exit                            - Undefined Weak Reference
    __Vectors_Size                           0x0000026c   Number         0  startup_tm4c123.o ABSOLUTE
    __Vectors                                0x00008000   Data           4  startup_tm4c123.o(RESET)
    __Vectors_End                            0x0000826c   Data           0  startup_tm4c123.o(RESET)
    __main                                   0x0000826d   Thumb Code     0  entry.o(.ARM.Collect$$$$00000000)
    _main_stk                                0x0000826d   Thumb Code     0  entry2.o(.ARM.Collect$$$$00000001)
    _main_scatterload                        0x00008271   Thumb Code     0  entry5.o(.ARM.Collect$$$$00000004)
    __main_after_scatterload                 0x00008275   Thumb Code     0  entry5.o(.ARM.Collect$$$$00000004)
    _main_clock                              0x00008275   Thumb Code     0  entry7b.o(.ARM.Collect$$$$00000008)
    _main_cpp_init                           0x00008275   Thumb Code     0  entry8b.o(.ARM.Collect$$$$0000000A)
    _main_init                               0x00008275   Thumb Code     0  entry9a.o(.ARM.Collect$$$$0000000B)
    __rt_final_cpp                           0x0000827d   Thumb Code     0  entry10a.o(.ARM.Collect$$$$0000000D)
    __rt_final_exit                          0x0000827d   Thumb Code     0  entry11a.o(.ARM.Collect$$$$0000000F)
    Reset_Handler                            0x00008281   Thumb Code     8  startup_tm4c123.o(.text)
    NMI_Handler                              0x00008289   Thumb Code     2  startup_tm4c123.o(.text)
    HardFault_Handler                        0x0000828b   Thumb Code     2  startup_tm4c123.o(.text)
    MemManage_Handler                        0x0000828d   Thumb Code     2  startup_tm4c123.o(.text)
    BusFault_Handler                         0x0000828f   Thumb Code     2  startup_tm4c123.o(.text)
    UsageFault_Handler                       0x00008291   Thumb Code     2  startup_tm4c123.o(.text)
    SVC_Handler                              0x00008293   Thumb Code     2  startup_tm4c123.o(.text)
    DebugMon_Handler                         0x00008295   Thumb Code     2  startup_tm4c123.o(.text)
    PendSV_Handler                           0x00008297   Thumb Code     2  startup_tm4c123.o(.text)
    GPIOA_Handler                            0x0000829b   Thumb Code     2  startup_tm4c123.o(.text)
    GPIOB_Handler                            0x0000829d   Thumb Code     2  startup_tm4c123.o(.text)
    GPIOC_Handler                            0x0000829f   Thumb Code     2  startup_tm4c123.o(.text)
    GPIOD_Handler                            0x000082a1   Thumb Code     2  startup_tm4c123.o(.text)
    GPIOE_Handler                            0x000082a3   Thumb Code     2  startup_tm4c123.o(.text)
    UART0_Handler                            0x000082a5   Thumb Code     2  startup_tm4c123.o(.text)
    UART1_Handler                            0x000082a7   Thumb Code     2  startup_tm4c123.o(.text)
    SSI0_Handler                             0x000082a9   Thumb Code     2  startup_tm4c123.o(.text)
    I2C0_Handler                             0x000082ab   Thumb Code     2  startup_tm4c123.o(.text)
    PMW0_FAULT_Handler                       0x000082ad   Thumb Code     2  startup_tm4c123.o(.text)
    PWM0_0_Handler                           0x000082af   Thumb Code     2  startup_tm4c123.o(.text)
    PWM0_1_Handler                           0x000082b1   Thumb Code     2  startup_tm4c123.o(.text)
    PWM0_2_Handler                           0x000082b3   Thumb Code     2  startup_tm4c123.o(.text)
    QEI0_Handler                             0x000082b5   Thumb Code     2  startup_tm4c123.o(.text)
    ADC0SS0_Handler                          0x000082b7   Thumb Code     2  startup_tm4c123.o(.text)
    ADC0SS1_Handler                          0x000082b9   Thumb Code     2  startup_tm4c123.o(.text)
    ADC0SS2_Handler                          0x000082bb   Thumb Code     2  startup_tm4c123.o(.text)
    ADC0SS3_Handler                          0x000082bd   Thumb Code     2  startup_tm4c123.o(.text)
    WDT0_Handler                             0x000082bf   Thumb Code     2  startup_tm4c123.o(.text)
    TIMER0A_Handler                          0x000082c1   Thumb Code     2  startup_tm4c123.o(.text)
    TIMER0B_Handler                          0x000082c3   Thumb Code     2  startup_tm4c123.o(.text)
    TIMER1A_Handler                          0x000082c5   Thumb Code     2  startup_tm4c123.o(.text)
    TIMER1B_Handler                          0x000082c7   Thumb Code     2  startup_tm4c123.o(.text)
    TIMER2A_Handler                          0x000082c9   Thumb Code     2  startup_tm4c123.o(.text)
    TIMER2B_Handler                          0x000082cb   Thumb Code     2  startup_tm4c123.o(.text)
    COMP0_Handler                            0x000082cd   Thumb Code     2  startup_tm4c123.o(.text)
    COMP1_Handler                            0x000082cf   Thumb Code     2  startup_tm4c123.o(.text)
    COMP2_Handler                            0x000082d1   Thumb Code     2  startup_tm4c123.o(.text)
    SYSCTL_Handler                           0x000082d3   Thumb Code     2  startup_tm4c123.o(.text)
    FLASH_Handler                            0x000082d5   Thumb Code     2  startup_tm4c123.o(.text)
    GPIOF_Handler                            0x000082d7   Thumb Code     2  startup_tm4c123.o(.text)
    GPIOG_Handler                            0x000082d9   Thumb Code     2  startup_tm4c123.o(.text)
    GPIOH_Handler                            0x000082db   Thumb Code     2  startup_tm4c123.o(.text)
    UART2_Handler                            0x000082dd   Thumb Code     2  startup_tm4c123.o(.text)
    SSI1_Handler                             0x000082df   Thumb Code     2  startup_tm4c123.o(.text)
    TIMER3A_Handler                          0x000082e1   Thumb Code     2  startup_tm4c123.o(.text)
    TIMER3B_Handler                          0x000082e3   Thumb Code     2  startup_tm4c123.o(.text)
    I2C1_Handler                             0x000082e5   Thumb Code     2  startup_tm4c123.o(.text)
    QEI1_Handler                             0x000082e7   Thumb Code     2  startup_tm4c123.o(.text)
    CAN0_Handler                             0x000082e9   Thumb Code     2  startup_tm4c123.o(.text)
    CAN1_Handler                             0x000082eb   Thumb Code     2  startup_tm4c123.o(.text)
    CAN2_Handler                             0x000082ed   Thumb Code     2  startup_tm4c123.o(.text)
    HIB_Handler                              0x000082ef   Thumb Code     2  startup_tm4c123.o(.text)
    USB0_Handler                             0x000082f1   Thumb Code     2  startup_tm4c123.o(.text)
    PWM0_3_Handler                           0x000082f3   Thumb Code     2  startup_tm4c123.o(.text)
    UDMA_Handler                             0x000082f5   Thumb Code     2  startup_tm4c123.o(.text)
    UDMAERR_Handler                          0x000082f7   Thumb Code     2  startup_tm4c123.o(.text)
    ADC1SS0_Handler                          0x000082f9   Thumb Code     2  startup_tm4c123.o(.text)
    ADC1SS1_Handler                          0x000082fb   Thumb Code     2  startup_tm4c123.o(.text)
    ADC1SS2_Handler                          0x000082fd   Thumb Code     2  startup_tm4c123.o(.text)
    ADC1SS3_Handler                          0x000082ff   Thumb Code     2  startup_tm4c123.o(.text)
    GPIOJ_Handler                            0x00008301   Thumb Code     2  startup_tm4c123.o(.text)
    GPIOK_Handler                            0x00008303   Thumb Code     2  startup_tm4c123.o(.text)
    GPIOL_Handler                            0x00008305   Thumb Code     2  startup_tm4c123.o(.text)
    SSI2_Handler                             0x00008307   Thumb Code     2  startup_tm4c123.o(.text)
    SSI3_Handler                             0x00008309   Thumb Code     2  startup_tm4c123.o(.text)
    UART3_Handler                            0x0000830b   Thumb Code     2  startup_tm4c123.o(.text)
    UART4_Handler                            0x0000830d   Thumb Code     2  startup_tm4c123.o(.text)
    UART5_Handler                            0x0000830f   Thumb Code     2  startup_tm4c123.o(.text)
    UART6_Handler                            0x00008311   Thumb Code     2  startup_tm4c123.o(.text)
    UART7_Handler                            0x00008313   Thumb Code     2  startup_tm4c123.o(.text)
    I2C2_Handler                             0x00008315   Thumb Code     2  startup_tm4c123.o(.text)
    I2C3_Handler                             0x00008317   Thumb Code     2  startup_tm4c123.o(.text)
    TIMER4A_Handler                          0x00008319   Thumb Code     2  startup_tm4c123.o(.text)
    TIMER4B_Handler                          0x0000831b   Thumb Code     2  startup_tm4c123.o(.text)
    TIMER5A_Handler                          0x0000831d   Thumb Code     2  startup_tm4c123.o(.text)
    TIMER5B_Handler                          0x0000831f   Thumb Code     2  startup_tm4c123.o(.text)
    WTIMER0A_Handler                         0x00008321   Thumb Code     2  startup_tm4c123.o(.text)
    WTIMER0B_Handler                         0x00008323   Thumb Code     2  startup_tm4c123.o(.text)
    WTIMER1A_Handler                         0x00008325   Thumb Code     2  startup_tm4c123.o(.text)
    WTIMER1B_Handler                         0x00008327   Thumb Code     2  startup_tm4c123.o(.text)
    WTIMER2A_Handler                         0x00008329   Thumb Code     2  startup_tm4c123.o(.text)
    WTIMER2B_Handler                         0x0000832b   Thumb Code     2  startup_tm4c123.o(.text)
    WTIMER3A_Handler                         0x0000832d   Thumb Code     2  startup_tm4c123.o(.text)
    WTIMER3B_Handler                         0x0000832f   Thumb Code     2  startup_tm4c123.o(.text)
    WTIMER4A_Handler                         0x00008331   Thumb Code     2  startup_tm4c123.o(.text)
    WTIMER4B_Handler                         0x00008333   Thumb Code     2  startup_tm4c123.o(.text)
    WTIMER5A_Handler                         0x00008335   Thumb Code     2  startup_tm4c123.o(.text)
    WTIMER5B_Handler                         0x00008337   Thumb Code     2  startup_tm4c123.o(.text)
    FPU_Handler                              0x00008339   Thumb Code     2  startup_tm4c123.o(.text)
    I2C4_Handler                             0x0000833b   Thumb Code     2  startup_tm4c123.o(.text)
    I2C5_Handler                             0x0000833d   Thumb Code     2  startup_tm4c123.o(.text)
    GPIOM_Handler                            0x0000833f   Thumb Code     2  startup_tm4c123.o(.text)
    GPION_Handler                            0x00008341   Thumb Code     2  startup_tm4c123.o(.text)
    QEI2_Handler                             0x00008343   Thumb Code     2  startup_tm4c123.o(.text)
    GPIOP0_Handler                           0x00008345   Thumb Code     2  startup_tm4c123.o(.text)
    GPIOP1_Handler                           0x00008347   Thumb Code     2  startup_tm4c123.o(.text)
    GPIOP2_Handler                           0x00008349   Thumb Code     2  startup_tm4c123.o(.text)
    GPIOP3_Handler                           0x0000834b   Thumb Code     2  startup_tm4c123.o(.text)
    GPIOP4_Handler                           0x0000834d   Thumb Code     2  startup_tm4c123.o(.text)
    GPIOP5_Handler                           0x0000834f   Thumb Code     2  startup_tm4c123.o(.text)
    GPIOP6_Handler                           0x00008351   Thumb Code     2  startup_tm4c123.o(.text)
    GPIOP7_Handler                           0x00008353   Thumb Code     2  startup_tm4c123.o(.text)
    GPIOQ0_Handler                           0x00008355   Thumb Code     2  startup_tm4c123.o(.text)
    GPIOQ1_Handler                           0x00008357   Thumb Code     2  startup_tm4c123.o(.text)
    GPIOQ2_Handler                           0x00008359   Thumb Code     2  startup_tm4c123.o(.text)
    GPIOQ3_Handler                           0x0000835b   Thumb Code     2  startup_tm4c123.o(.text)
    GPIOQ4_Handler                           0x0000835d   Thumb Code     2  startup_tm4c123.o(.text)
    GPIOQ5_Handler                           0x0000835f   Thumb Code     2  startup_tm4c123.o(.text)
    GPIOQ6_Handler                           0x00008361   Thumb Code     2  startup_tm4c123.o(.text)
    GPIOQ7_Handler                           0x00008363   Thumb Code     2  startup_tm4c123.o(.text)
    GPIOR_Handler                            0x00008365   Thumb Code     2  startup_tm4c123.o(.text)
    GPIOS_Handler                            0x00008367   Thumb Code     2  startup_tm4c123.o(.text)
    PMW1_0_Handler                           0x00008369   Thumb Code     2  startup_tm4c123.o(.text)
    PWM1_1_Handler                           0x0000836b   Thumb Code     2  startup_tm4c123.o(.text)
    PWM1_2_Handler                           0x0000836d   Thumb Code     2  startup_tm4c123.o(.text)
    PWM1_3_Handler                           0x0000836f   Thumb Code     2  startup_tm4c123.o(.text)
    PWM1_FAULT_Handler                       0x00008371   Thumb Code     2  startup_tm4c123.o(.text)
    __scatterload                            0x0000837d   Thumb Code    28  init.o(.text)
    __scatterload_rt2                        0x0000837d   Thumb Code     0  init.o(.text)
    SysTick_Handler                          0x000083a1   Thumb Code    20  blink.o(i.SysTick_Handler)
    SystemInit                               0x000083b9   Thumb Code   112  system_tm4c123.o(i.SystemInit)
    my_delay_ms(unsigned)                    0x00008451   Thumb Code    18  blink.o(i._Z11my_delay_msj)
    __scatterload_copy                       0x00008469   Thumb Code    14  handlers.o(i.__scatterload_copy)
    __scatterload_null                       0x00008477   Thumb Code     2  handlers.o(i.__scatterload_null)
    __scatterload_zeroinit                   0x00008479   Thumb Code    14  handlers.o(i.__scatterload_zeroinit)
    main                                     0x00008489   Thumb Code   150  blink.o(i.main)
    Region$$Table$$Base                      0x0000853c   Number         0  anon$$obj.o(Region$$Table)
    Region$$Table$$Limit                     0x0000854c   Number         0  anon$$obj.o(Region$$Table)
    SystemCoreClock                          0x00008550   Data           4  system_tm4c123.o(.data)
    __initial_sp                             0x00008758   Data           0  startup_tm4c123.o(STACK)



==============================================================================

Memory Map of the image

  Image Entry point : 0x00008281

  Load Region LR_1 (Base: 0x00008000, Size: 0x00000554, Max: 0xffffffff, ABSOLUTE)

    Execution Region ER_RO (Base: 0x00008000, Size: 0x0000054c, Max: 0xffffffff, ABSOLUTE)

    Base Addr    Size         Type   Attr      Idx    E Section Name        Object

    0x00008000   0x0000026c   Data   RO           86    RESET               startup_tm4c123.o
    0x0000826c   0x00000000   Code   RO          139  * .ARM.Collect$$$$00000000  mc_w.l(entry.o)
    0x0000826c   0x00000004   Code   RO          142    .ARM.Collect$$$$00000001  mc_w.l(entry2.o)
    0x00008270   0x00000004   Code   RO          145    .ARM.Collect$$$$00000004  mc_w.l(entry5.o)
    0x00008274   0x00000000   Code   RO          147    .ARM.Collect$$$$00000008  mc_w.l(entry7b.o)
    0x00008274   0x00000000   Code   RO          149    .ARM.Collect$$$$0000000A  mc_w.l(entry8b.o)
    0x00008274   0x00000008   Code   RO          150    .ARM.Collect$$$$0000000B  mc_w.l(entry9a.o)
    0x0000827c   0x00000000   Code   RO          152    .ARM.Collect$$$$0000000D  mc_w.l(entry10a.o)
    0x0000827c   0x00000000   Code   RO          154    .ARM.Collect$$$$0000000F  mc_w.l(entry11a.o)
    0x0000827c   0x00000004   Code   RO          143    .ARM.Collect$$$$00002712  mc_w.l(entry2.o)
    0x00008280   0x000000fc   Code   RO           87  * .text               startup_tm4c123.o
    0x0000837c   0x00000024   Code   RO          156    .text               mc_w.l(init.o)
    0x000083a0   0x00000018   Code   RO            4    i.SysTick_Handler   blink.o
    0x000083b8   0x00000098   Code   RO           95    i.SystemInit        system_tm4c123.o
    0x00008450   0x00000018   Code   RO            5    i._Z11my_delay_msj  blink.o
    0x00008468   0x0000000e   Code   RO          160    i.__scatterload_copy  mc_w.l(handlers.o)
    0x00008476   0x00000002   Code   RO          161    i.__scatterload_null  mc_w.l(handlers.o)
    0x00008478   0x0000000e   Code   RO          162    i.__scatterload_zeroinit  mc_w.l(handlers.o)
    0x00008486   0x00000002   PAD
    0x00008488   0x000000b4   Code   RO            7    i.main              blink.o
    0x0000853c   0x00000010   Data   RO          158    Region$$Table       anon$$obj.o


    Execution Region ER_RW (Base: 0x0000854c, Size: 0x00000008, Max: 0xffffffff, ABSOLUTE)

    Base Addr    Size         Type   Attr      Idx    E Section Name        Object

    0x0000854c   0x00000004   Data   RW           12    .data               blink.o
    0x00008550   0x00000004   Data   RW          100    .data               system_tm4c123.o


    Execution Region ER_ZI (Base: 0x00008554, Size: 0x00000204, Max: 0xffffffff, ABSOLUTE)

    Base Addr    Size         Type   Attr      Idx    E Section Name        Object

    0x00008554   0x00000004   PAD
    0x00008558   0x00000200   Zero   RW           84    STACK               startup_tm4c123.o


==============================================================================

Image component sizes


      Code (inc. data)   RO Data    RW Data    ZI Data      Debug   Object Name

       228         40          0          4          0      55170   blink.o
       252         10        620          0        512       5440   startup_tm4c123.o
       152         40          0          4          0        859   system_tm4c123.o

    ----------------------------------------------------------------------
       632         90        636          8        516      61469   Object Totals
         0          0         16          0          0          0   (incl. Generated)
         0          0          0          0          4          0   (incl. Padding)

    ----------------------------------------------------------------------

      Code (inc. data)   RO Data    RW Data    ZI Data      Debug   Library Member Name

         0          0          0          0          0          0   entry.o
         0          0          0          0          0          0   entry10a.o
         0          0          0          0          0          0   entry11a.o
         8          4          0          0          0          0   entry2.o
         4          0          0          0          0          0   entry5.o
         0          0          0          0          0          0   entry7b.o
         0          0          0          0          0          0   entry8b.o
         8          4          0          0          0          0   entry9a.o
        30          0          0          0          0          0   handlers.o
        36          8          0          0          0         68   init.o

    ----------------------------------------------------------------------
        88         16          0          0          0         68   Library Totals
         2          0          0          0          0          0   (incl. Padding)

    ----------------------------------------------------------------------

      Code (inc. data)   RO Data    RW Data    ZI Data      Debug   Library Name

        86         16          0          0          0         68   mc_w.l

    ----------------------------------------------------------------------
        88         16          0          0          0         68   Library Totals

    ----------------------------------------------------------------------

==============================================================================


      Code (inc. data)   RO Data    RW Data    ZI Data      Debug   

       720        106        636          8        516      61641   Grand Totals
       720        106        636          8        516      61641   ELF Image Totals
       720        106        636          8          0          0   ROM Totals

==============================================================================

    Total RO  Size (Code + RO Data)                 1356 (   1.32kB)
    Total RW  Size (RW Data + ZI Data)               524 (   0.51kB)
    Total ROM Size (Code + RO Data + RW Data)       1364 (   1.33kB)

==============================================================================

